// Jest Snapshot v1, https://goo.gl/fbAQLP

exports[`Suite de pruebas del componente Indecision Debe de hacer match con el snapshot 1`] = `
<!--v-if-->
<div class="bg-dark"></div>
<div class="indecision-container"><input type="text" placeholder="Hazme una pregunta">
  <p>Recuerda poner un signo de interrogaci√≥n (?) al final</p>
  <div>
    <h2></h2>
    <h1 style="display: none;"></h1>
  </div>
</div>
`;
